RAM Allocation [bytes]
Variable                                                                          Address   Size
------------------------------------------------------------------------------------------------
t                                                                                 0x0260      17
_base_y                                                                           0x0271       4

EEPROM Allocation [bytes]
Variable                                                                          Address   Size
------------------------------------------------------------------------------------------------

Register Allocation
Variable                                                                          Register  Size
------------------------------------------------------------------------------------------------
x                                                                                 R5           1
i                                                                                 R4           1
j                                                                                 R7           1
_lcd_x                                                                            R6           1
_lcd_y                                                                            R9           1
_lcd_maxx                                                                         R8           1

FLASH Allocation [words]
Function                                                                          Address   Size
------------------------------------------------------------------------------------------------
main                                                                              0x000AB     79
put_buff_G100                                                                     0x000FA     64
_print_G100                                                                       0x0013A    308
sprintf                                                                           0x0026E     52
_lcd_write_nibble_G101                                                            0x002A2     20
_lcd_write_data                                                                   0x002B6     12
lcd_gotoxy                                                                        0x002C2     13
lcd_clear                                                                         0x002CF     12
lcd_putchar                                                                       0x002DB     21
lcd_puts                                                                          0x002F0     17
lcd_init                                                                          0x00301     45
strlen                                                                            0x0032E     12
strlenf                                                                           0x0033A     13
