RAM Allocation [bytes]
Variable                                                                          Address   Size
------------------------------------------------------------------------------------------------
_base_y                                                                           0x0260       4

EEPROM Allocation [bytes]
Variable                                                                          Address   Size
------------------------------------------------------------------------------------------------

Register Allocation
Variable                                                                          Register  Size
------------------------------------------------------------------------------------------------
_lcd_x                                                                            R5           1
_lcd_y                                                                            R4           1
_lcd_maxx                                                                         R7           1

FLASH Allocation [words]
Function                                                                          Address   Size
------------------------------------------------------------------------------------------------
main                                                                              0x00088    155
_lcd_write_nibble_G100                                                            0x00123     20
_lcd_write_data                                                                   0x00137     12
lcd_gotoxy                                                                        0x00143     13
lcd_clear                                                                         0x00150     12
lcd_putchar                                                                       0x0015C     21
lcd_puts                                                                          0x00171     17
lcd_init                                                                          0x00182     45
put_buff_G101                                                                     0x001AF     64
_print_G101                                                                       0x001EF    308
sprintf                                                                           0x00323     52
strlen                                                                            0x00357     12
strlenf                                                                           0x00363     13
